// Vitest Snapshot v1, https://vitest.dev/guide/snapshot.html

exports[`Changelog > getCommitInfos > parse commits with different tags 1`] = `
[
  {
    "commitSHA": "a0000006",
    "date": "2017-01-01",
    "message": "Merge pull request #3 from my-feature-3",
    "packages": [],
    "tags": undefined,
  },
  {
    "commitSHA": "a0000005",
    "date": "2017-01-01",
    "message": "chore(release): releasing component",
    "packages": [],
    "tags": [
      "v0.2.0",
    ],
  },
  {
    "categories": [
      ":rocket: New Feature",
    ],
    "commitSHA": "a0000004",
    "date": "2017-01-01",
    "githubIssue": {
      "labels": [
        {
          "name": "Type: New Feature",
        },
        {
          "name": "Status: In Progress",
        },
      ],
      "number": 2,
      "title": "This is the commit title for the issue (#2)",
      "user": {
        "html_url": "https://github.com/test-user",
        "login": "test-user",
        "name": "Test User",
      },
    },
    "message": "Merge pull request #2 from my-feature",
    "packages": [],
    "tags": undefined,
  },
  {
    "commitSHA": "a0000003",
    "date": "2017-01-01",
    "message": "feat(module) Add new module (#2)",
    "packages": [],
    "tags": undefined,
  },
  {
    "commitSHA": "a0000002",
    "date": "2017-01-01",
    "message": "refactor(module) Simplify implementation",
    "packages": [],
    "tags": undefined,
  },
  {
    "commitSHA": "a0000001",
    "date": "2017-01-01",
    "message": "chore(release): releasing component",
    "packages": [],
    "tags": [
      "v0.1.0",
    ],
  },
]
`;
